// Jest Snapshot v1, https://goo.gl/fbAQLP

exports[`withConfig High Order Component should render correctly 1`] = `
<div>
  An unlock component
</div>
`;
