// Jest Snapshot v1, https://goo.gl/fbAQLP

exports[`withConfig High Order Component when the current network is not in the list of required networks should show a message indicating that the network needs to be changed 1`] = `
<div
  className="hm3mhg-0 gzhZVm"
>
  <div
    className="hm3mhg-1 hXUOmH"
  >
    <a
      href="/"
      onClick={[Function]}
    >
      <div
        className="cenpj1-0 laMZpD"
      >
        <svg
          viewBox="0 0 56 56"
        >
          <path
            d="M33.467 30.455c0 .365-.02.733-.07 1.095-.434 3.2-3.945 5.285-7.054 4.192-2.274-.799-3.7-2.769-3.7-5.134-.002-1.62-.002-3.241-.002-4.862h10.828c0 1.57 0 3.139-.002 4.709m6.719-14.07V16H33.41v6.61H22.58l.001-6.228v-.374h-6.753c-.006.08-.014.139-.014.197 0 2.135-.005 4.27-.008 6.405H14v3.14h1.806c.001 1.7.006 3.4.02 5.1.03 3.36 1.456 6.143 4.099 8.243 3.811 3.029 8.114 3.673 12.708 2.016 4.35-1.569 7.612-5.66 7.563-10.643a525.27 525.27 0 0 1-.023-4.716H42v-3.14h-1.825c.004-2.075.01-4.15.01-6.225"
          />
        </svg>
      </div>
    </a>
  </div>
  <div
    className="hm3mhg-3 cFpjmx"
  >
    <header
      className="s1glv5oz-0 lkbUqR"
    >
      <h1
        className="s1glv5oz-1 hxdRe"
      >
        Creator Dashboard
      </h1>
      <a
        className="s850ddk-0 lbEhWm"
        href="/about"
        onClick={[Function]}
      >
        <svg>
          <path
            d="M13.2 18h-2.4v-7.2h2.4V18zm0-9.6h-2.4V6h2.4v2.4z"
            fillRule="evenodd"
          />
        </svg>
        <small
          className="s850ddk-1 hAgZgI"
        >
          About
        </small>
      </a>
      <a
        className="s850ddk-0 lbEhWm"
        href="/jobs"
        onClick={[Function]}
      >
        <svg>
          <path
            d="M18.125 6.944c.482 0 .875.374.875.834V10H5V7.778c0-.46.393-.834.875-.834h3.5v-.833c0-.46.684-1.111 1.167-1.111h2.916c.483 0 1.167.652 1.167 1.111v.833h3.5zM16.083 11H19v5.1a.89.89 0 0 1-.875.9H5.875A.889.889 0 0 1 5 16.1V11h11.083z"
            fillRule="evenodd"
          />
        </svg>
        <small
          className="s850ddk-1 hAgZgI"
        >
          Join us
        </small>
      </a>
      <a
        className="s850ddk-0 lbEhWm"
        href="https://github.com/unlock-protocol/unlock"
        onClick={[Function]}
      >
        <svg>
          <path
            d="M9.01 23.977c.01-.177.016-.374.016-.591 0-.292-.01-1.066-.016-2.093-3.338.744-4.043-1.65-4.043-1.65-.545-1.42-1.332-1.798-1.332-1.798-1.09-.764.083-.749.083-.749 1.204.087 1.837 1.268 1.837 1.268 1.071 1.88 2.809 1.338 3.493 1.022.109-.795.42-1.337.762-1.645-2.665-.31-5.466-1.365-5.466-6.08 0-1.343.467-2.442 1.235-3.302-.123-.311-.535-1.562.117-3.256 0 0 1.008-.33 3.3 1.261a11.241 11.241 0 0 1 3.005-.414c1.019.005 2.046.141 3.004.414 2.29-1.592 3.296-1.261 3.296-1.261.655 1.694.244 2.945.12 3.256.77.86 1.233 1.959 1.233 3.302 0 4.726-2.805 5.767-5.478 6.071.43.38.814 1.13.814 2.279 0 1.645-.015 2.971-.015 3.375v.591H9.01z"
            fillRule="evenodd"
          />
        </svg>
        <small
          className="s850ddk-1 hAgZgI"
        >
          Source Code
        </small>
      </a>
    </header>
    <section
      className="s1g6piw8-0 dSRnSS"
    >
      <img
        className="s1g6piw8-1 fregfm"
        src="/static/images/illustrations/network.svg"
      />
      <div
        className="s1g6piw8-2 csrrBV"
      >
        <h1>
          Network mismatch
        </h1>
        <p>
          Youâ€™re currently on the 
          Rinkeby
           network but you need to be on the 
          dev
           network. Please switch to 
          dev
          .
        </p>
      </div>
    </section>
  </div>
  <div
    className="hm3mhg-2 ftYCdu"
  />
</div>
`;
